[2026-02-20 07:50:02] [::1] [ENV:unknown] [UID:guest] GET /SistemaWeb/gerador_upload_docx.php (Root: gerador_upload_docx.php)
  └─ [SHUTDOWN] Arquivos: 4 | Memória: 0.51MB
[2026-02-20 07:50:32] [::1] [ENV:unknown] [UID:guest] GET /SistemaWeb/gerador_upload_docx.php (Root: gerador_upload_docx.php)
  └─ [SHUTDOWN] Arquivos: 4 | Memória: 0.51MB
[2026-02-20 07:52:04] [::1] [ENV:unknown] [UID:guest] POST /SistemaWeb/gerador_upload_docx.php (Root: gerador_upload_docx.php)
  └─ [SHUTDOWN] Arquivos: 4 | Memória: 0.74MB
[2026-02-20 07:53:10] [::1] [ENV:unknown] [UID:guest] POST /SistemaWeb/gerador_upload_docx.php (Root: gerador_upload_docx.php)
  └─ [SHUTDOWN] Arquivos: 4 | Memória: 0.82MB
[2026-02-20 07:53:16] [::1] [ENV:unknown] [UID:guest] GET /SistemaWeb/index.php?redirect=%2FSistemaWeb%2Feditor_dinamico.php (Root: index.php)
  └─ [SHUTDOWN] Arquivos: 5 | Memória: 0.61MB
[2026-02-20 07:54:01] [::1] [ENV:unknown] [UID:guest] POST /SistemaWeb/index.php (Root: index.php)
  └─ [SHUTDOWN] Arquivos: 5 | Memória: 0.62MB
[2026-02-20 07:54:56] [::1] [ENV:unknown] [UID:guest] GET /SistemaWeb/gerador_upload_docx.php (Root: gerador_upload_docx.php)
  └─ [SHUTDOWN] Arquivos: 4 | Memória: 0.51MB
[2026-02-20 07:55:05] [::1] [ENV:unknown] [UID:guest] POST /SistemaWeb/gerador_upload_docx.php (Root: gerador_upload_docx.php)
  └─ [SHUTDOWN] Arquivos: 4 | Memória: 0.74MB
[2026-02-20 07:56:01] [::1] [ENV:unknown] [UID:guest] POST /SistemaWeb/gerador_upload_docx.php (Root: gerador_upload_docx.php)
  └─ [SHUTDOWN] Arquivos: 4 | Memória: 0.82MB
[2026-02-20 08:08:40] [::1] [ENV:unknown] [UID:guest] GET /SistemaWeb/gerador_upload_docx.php (Root: gerador_upload_docx.php)
  └─ [SHUTDOWN] Arquivos: 4 | Memória: 0.51MB
[2026-02-20 08:08:56] [::1] [ENV:unknown] [UID:guest] POST /SistemaWeb/gerador_upload_docx.php (Root: gerador_upload_docx.php)
  └─ [SHUTDOWN] Arquivos: 4 | Memória: 0.74MB
[2026-02-20 13:07:22] [::1] [ENV:unknown] [UID:guest] GET /SistemaWeb/gerador_upload_docx.php (Root: gerador_upload_docx.php)
  └─ [SHUTDOWN] Arquivos: 4 | Memória: 0.53MB
[2026-02-20 13:08:44] [::1] [ENV:unknown] [UID:guest] POST /SistemaWeb/gerador_upload_docx.php (Root: gerador_upload_docx.php)
  └─ [SHUTDOWN] Arquivos: 4 | Memória: 0.76MB
[2026-02-20 13:15:49] [::1] [ENV:unknown] [UID:guest] POST /SistemaWeb/gerador_upload_docx.php (Root: gerador_upload_docx.php)
  └─ [SHUTDOWN] Arquivos: 4 | Memória: 0.83MB
[2026-02-20 13:16:17] [::1] [ENV:unknown] [UID:guest] GET /SistemaWeb/index.php?redirect=%2FSistemaWeb%2Feditor_dinamico.php (Root: index.php)
  └─ [SHUTDOWN] Arquivos: 5 | Memória: 0.61MB
[2026-02-20 13:18:09] [::1] [ENV:unknown] [UID:guest] POST /SistemaWeb/index.php (Root: index.php)
  └─ [SHUTDOWN] Arquivos: 5 | Memória: 0.62MB
[2026-02-20 13:19:11] [::1] [ENV:unknown] [UID:guest] POST /SistemaWeb/index.php (Root: index.php)
  └─ [SHUTDOWN] Arquivos: 5 | Memória: 0.62MB
[2026-02-20 13:20:43] [::1] [ENV:unknown] [UID:guest] POST /SistemaWeb/index.php (Root: index.php)
  └─ [SHUTDOWN] Arquivos: 5 | Memória: 0.62MB
[2026-02-20 13:22:30] [::1] [ENV:unknown] [UID:guest] POST /SistemaWeb/index.php (Root: index.php)
  └─ [SHUTDOWN] Arquivos: 5 | Memória: 0.62MB
[2026-02-20 13:28:18] [::1] [ENV:unknown] [UID:guest] POST /SistemaWeb/index.php (Root: index.php)
  └─ [SHUTDOWN] Arquivos: 4 | Memória: 0.62MB
[2026-02-20 13:28:20] [::1] [ENV:producao] [UID:5] GET /SistemaWeb/editor_dinamico.php (Root: editor_dinamico.php)
  └─ [SHUTDOWN] Arquivos: 16 | Memória: 0.97MB
[2026-02-20 15:41:59] [::1] [ENV:unknown] [UID:guest] GET /SistemaWeb/gerador_upload_docx.php (Root: gerador_upload_docx.php)
  └─ [SHUTDOWN] Arquivos: 4 | Memória: 0.54MB
[2026-02-20 15:42:12] [::1] [ENV:unknown] [UID:guest] POST /SistemaWeb/gerador_upload_docx.php (Root: gerador_upload_docx.php)
  └─ [SHUTDOWN] Arquivos: 4 | Memória: 0.76MB
[2026-02-20 16:05:34] [::1] [ENV:unknown] [UID:guest] POST /SistemaWeb/gerador_upload_docx.php (Root: gerador_upload_docx.php)
  └─ [SHUTDOWN] Arquivos: 4 | Memória: 0.84MB
[2026-02-20 19:32:55] [::1] [ENV:unknown] [UID:guest] GET /SistemaWeb/gerador_upload_docx.php (Root: gerador_upload_docx.php)
  └─ [SHUTDOWN] Arquivos: 4 | Memória: 0.54MB
[2026-02-20 19:33:16] [::1] [ENV:unknown] [UID:guest] POST /SistemaWeb/gerador_upload_docx.php (Root: gerador_upload_docx.php)
  └─ [SHUTDOWN] Arquivos: 4 | Memória: 0.76MB
[2026-02-20 19:36:11] [::1] [ENV:unknown] [UID:guest] POST /SistemaWeb/gerador_upload_docx.php (Root: gerador_upload_docx.php)
  └─ [SHUTDOWN] Arquivos: 4 | Memória: 0.84MB
[2026-02-20 19:36:21] [::1] [ENV:unknown] [UID:guest] GET /SistemaWeb/gerador_upload_docx.php (Root: gerador_upload_docx.php)
  └─ [SHUTDOWN] Arquivos: 4 | Memória: 0.54MB
[2026-02-20 19:36:36] [::1] [ENV:unknown] [UID:guest] POST /SistemaWeb/gerador_upload_docx.php (Root: gerador_upload_docx.php)
  └─ [SHUTDOWN] Arquivos: 4 | Memória: 0.72MB
[2026-02-20 19:38:02] [::1] [ENV:unknown] [UID:guest] POST /SistemaWeb/gerador_upload_docx.php (Root: gerador_upload_docx.php)
  └─ [SHUTDOWN] Arquivos: 4 | Memória: 0.78MB
[2026-02-20 19:38:11] [::1] [ENV:unknown] [UID:guest] GET /SistemaWeb/gerador_upload_docx.php (Root: gerador_upload_docx.php)
  └─ [SHUTDOWN] Arquivos: 4 | Memória: 0.54MB
[2026-02-20 19:38:29] [::1] [ENV:unknown] [UID:guest] POST /SistemaWeb/gerador_upload_docx.php (Root: gerador_upload_docx.php)
  └─ [SHUTDOWN] Arquivos: 4 | Memória: 0.68MB
[2026-02-20 19:44:27] [::1] [ENV:unknown] [UID:guest] POST /SistemaWeb/gerador_upload_docx.php (Root: gerador_upload_docx.php)
  └─ [SHUTDOWN] Arquivos: 4 | Memória: 0.75MB
[2026-02-21 08:55:02] [::1] [ENV:unknown] [UID:guest] GET /SistemaWeb/gerador_upload_docx.php (Root: gerador_upload_docx.php)
  └─ [SHUTDOWN] Arquivos: 4 | Memória: 0.54MB
[2026-02-21 08:56:20] [::1] [ENV:unknown] [UID:guest] POST /SistemaWeb/gerador_upload_docx.php (Root: gerador_upload_docx.php)
  └─ [SHUTDOWN] Arquivos: 4 | Memória: 0.76MB
[2026-02-21 09:51:44] [::1] [ENV:unknown] [UID:guest] GET /SistemaWeb/gerador_upload_docx.php (Root: gerador_upload_docx.php)
[2026-02-21 09:51:44] [::1] [ENV:unknown] [UID:guest] GET /SistemaWeb/gerador_upload_docx.php (Root: gerador_upload_docx.php)
  └─ [SHUTDOWN] Arquivos: 4 | Memória: 0.54MB
  └─ [SHUTDOWN] Arquivos: 4 | Memória: 0.54MB
[2026-02-21 09:52:22] [::1] [ENV:unknown] [UID:guest] POST /SistemaWeb/gerador_upload_docx.php (Root: gerador_upload_docx.php)
  └─ [SHUTDOWN] Arquivos: 4 | Memória: 0.76MB
[2026-02-21 09:54:25] [::1] [ENV:unknown] [UID:guest] POST /SistemaWeb/gerador_upload_docx.php (Root: gerador_upload_docx.php)
  └─ [SHUTDOWN] Arquivos: 4 | Memória: 0.76MB
[2026-02-21 09:57:22] [::1] [ENV:unknown] [UID:guest] POST /SistemaWeb/gerador_upload_docx.php (Root: gerador_upload_docx.php)
  └─ [SHUTDOWN] Arquivos: 4 | Memória: 0.84MB
[2026-02-21 09:57:47] [::1] [ENV:unknown] [UID:guest] GET /SistemaWeb/index.php?redirect=%2FSistemaWeb%2Feditor_dinamico.php (Root: index.php)
  └─ [SHUTDOWN] Arquivos: 5 | Memória: 0.61MB
[2026-02-21 09:57:54] [::1] [ENV:unknown] [UID:guest] POST /SistemaWeb/index.php (Root: index.php)
  └─ [SHUTDOWN] Arquivos: 4 | Memória: 0.62MB
[2026-02-21 09:57:55] [::1] [ENV:producao] [UID:5] GET /SistemaWeb/editor_dinamico.php (Root: editor_dinamico.php)
  └─ [SHUTDOWN] Arquivos: 16 | Memória: 1.04MB
[2026-02-21 10:00:18] [::1] [ENV:producao] [UID:5] GET /SistemaWeb/index.php?redirect=%2FSistemaWeb%2Feditor_dinamico.php (Root: index.php)
  └─ [SHUTDOWN] Arquivos: 4 | Memória: 0.61MB
[2026-02-21 10:00:19] [::1] [ENV:producao] [UID:5] GET /SistemaWeb/editor_dinamico.php (Root: editor_dinamico.php)
  └─ [SHUTDOWN] Arquivos: 16 | Memória: 1.04MB
[2026-02-21 10:00:37] [::1] [ENV:unknown] [UID:guest] GET /SistemaWeb/gerador_upload_docx.php (Root: gerador_upload_docx.php)
  └─ [SHUTDOWN] Arquivos: 4 | Memória: 0.54MB
[2026-02-21 10:08:57] [::1] [ENV:unknown] [UID:guest] GET /SistemaWeb/gerador_upload_docx.php (Root: gerador_upload_docx.php)
  └─ [SHUTDOWN] Arquivos: 4 | Memória: 0.54MB
[2026-02-21 10:09:09] [::1] [ENV:unknown] [UID:guest] GET /SistemaWeb/gerador_upload_docx.php (Root: gerador_upload_docx.php)
  └─ [SHUTDOWN] Arquivos: 4 | Memória: 0.54MB
[2026-02-21 10:09:24] [::1] [ENV:unknown] [UID:guest] POST /SistemaWeb/gerador_upload_docx.php (Root: gerador_upload_docx.php)
  └─ [SHUTDOWN] Arquivos: 4 | Memória: 0.76MB
[2026-02-21 10:09:36] [::1] [ENV:unknown] [UID:guest] POST /SistemaWeb/gerador_upload_docx.php (Root: gerador_upload_docx.php)
  └─ [SHUTDOWN] Arquivos: 4 | Memória: 0.84MB
[2026-02-23 10:37:03] [N/A] [ENV:unknown] [UID:guest] N/A unknown (Root: dump_cols.php)
  └─ [SHUTDOWN] Arquivos: 5 | Memória: 0.5MB
[2026-02-23 10:37:54] [N/A] [ENV:unknown] [UID:guest] N/A unknown (Root: drop_cols_legacy.php)
  └─ [SHUTDOWN] Arquivos: 5 | Memória: 0.49MB
[2026-02-23 10:38:12] [N/A] [ENV:unknown] [UID:guest] N/A unknown (Root: dump_cols.php)
  └─ [SHUTDOWN] Arquivos: 5 | Memória: 0.5MB
[2026-02-23 12:00:09] [N/A] [ENV:unknown] [UID:guest] N/A unknown (Root: check_239.php)
  └─ [SHUTDOWN] Arquivos: 5 | Memória: 0.49MB
[2026-02-23 12:01:06] [N/A] [ENV:unknown] [UID:guest] N/A unknown (Root: check_tables_cols.php)
  └─ [SHUTDOWN] Arquivos: 5 | Memória: 0.49MB
[2026-02-23 12:03:56] [N/A] [ENV:unknown] [UID:guest] N/A unknown (Root: check_tables_cols.php)
  └─ [SHUTDOWN] Arquivos: 5 | Memória: 0.5MB
[2026-02-23 12:04:22] [N/A] [ENV:unknown] [UID:guest] N/A unknown (Root: check_239_multi.php)
  └─ [SHUTDOWN] Arquivos: 4 | Memória: 0.52MB
[2026-02-23 12:04:58] [N/A] [ENV:unknown] [UID:guest] N/A unknown (Root: test_query_239.php)
  └─ [SHUTDOWN] Arquivos: 5 | Memória: 0.53MB
[2026-02-23 12:20:08] [N/A] [ENV:unknown] [UID:guest] N/A unknown (Root: )
  └─ [SHUTDOWN] Arquivos: 10 | Memória: 1.17MB
[2026-02-23 16:17:29] [::1] [ENV:unknown] [UID:guest] GET /SistemaWeb/gerador_upload_docx.php (Root: gerador_upload_docx.php)
  └─ [SHUTDOWN] Arquivos: 4 | Memória: 0.54MB
[2026-02-24 13:09:09] [::1] [ENV:unknown] [UID:guest] GET /SistemaWeb/gerador_upload_docx.php (Root: gerador_upload_docx.php)
[2026-02-24 13:09:09] [::1] [ENV:unknown] [UID:guest] GET /SistemaWeb/gerador_upload_docx.php (Root: gerador_upload_docx.php)
  └─ [SHUTDOWN] Arquivos: 4 | Memória: 0.54MB
[2026-02-24 13:09:11] [::1] [ENV:unknown] [UID:guest] GET /SistemaWeb/gerador_upload_docx.php (Root: gerador_upload_docx.php)
[2026-02-24 13:09:11] [::1] [ENV:unknown] [UID:guest] GET /SistemaWeb/gerador_upload_docx.php (Root: gerador_upload_docx.php)
  └─ [SHUTDOWN] Arquivos: 4 | Memória: 0.54MB
  └─ [SHUTDOWN] Arquivos: 4 | Memória: 0.54MB
  └─ [SHUTDOWN] Arquivos: 4 | Memória: 0.54MB
[2026-02-24 13:27:02] [::1] [ENV:unknown] [UID:guest] GET /SistemaWeb/gerador_upload_docx.php (Root: gerador_upload_docx.php)
  └─ [SHUTDOWN] Arquivos: 4 | Memória: 0.59MB
[2026-02-24 13:27:56] [::1] [ENV:unknown] [UID:guest] POST /SistemaWeb/gerador_upload_docx.php (Root: gerador_upload_docx.php)
  └─ [SHUTDOWN] Arquivos: 4 | Memória: 0.75MB
[2026-02-24 13:28:53] [::1] [ENV:unknown] [UID:guest] POST /SistemaWeb/gerador_upload_docx.php (Root: gerador_upload_docx.php)
  └─ [SHUTDOWN] Arquivos: 4 | Memória: 0.83MB
[2026-02-24 13:29:51] [::1] [ENV:unknown] [UID:guest] GET /SistemaWeb/gerador_upload_docx.php (Root: gerador_upload_docx.php)
  └─ [SHUTDOWN] Arquivos: 4 | Memória: 0.59MB
[2026-02-24 13:30:31] [::1] [ENV:unknown] [UID:guest] POST /SistemaWeb/gerador_upload_docx.php (Root: gerador_upload_docx.php)
  └─ [SHUTDOWN] Arquivos: 4 | Memória: 0.75MB
[2026-02-24 13:31:11] [::1] [ENV:unknown] [UID:guest] POST /SistemaWeb/gerador_upload_docx.php (Root: gerador_upload_docx.php)
  └─ [SHUTDOWN] Arquivos: 4 | Memória: 0.83MB
[2026-02-24 13:31:18] [::1] [ENV:unknown] [UID:guest] GET /SistemaWeb/gerador_upload_docx.php (Root: gerador_upload_docx.php)
  └─ [SHUTDOWN] Arquivos: 4 | Memória: 0.59MB
[2026-02-24 13:31:41] [::1] [ENV:unknown] [UID:guest] POST /SistemaWeb/gerador_upload_docx.php (Root: gerador_upload_docx.php)
  └─ [SHUTDOWN] Arquivos: 4 | Memória: 0.75MB
[2026-02-24 13:32:21] [::1] [ENV:unknown] [UID:guest] POST /SistemaWeb/gerador_upload_docx.php (Root: gerador_upload_docx.php)
  └─ [SHUTDOWN] Arquivos: 4 | Memória: 0.83MB
[2026-02-25 07:17:36] [::1] [ENV:unknown] [UID:guest] GET /SistemaWeb/visualizar_proposta.php?id=249 (Root: visualizar_proposta.php)
  └─ [SHUTDOWN] Arquivos: 10 | Memória: 1.3MB
[2026-02-25 07:18:25] [::1] [ENV:unknown] [UID:guest] GET /SistemaWeb/gerador_upload_docx.php (Root: gerador_upload_docx.php)
  └─ [SHUTDOWN] Arquivos: 4 | Memória: 0.59MB
[2026-02-26 00:42:40] [::1] [ENV:unknown] [UID:guest] GET /SistemaWeb/gerador_upload_docx.php (Root: gerador_upload_docx.php)
[2026-02-26 00:42:40] [::1] [ENV:unknown] [UID:guest] GET /SistemaWeb/gerador_upload_docx.php (Root: gerador_upload_docx.php)
  └─ [SHUTDOWN] Arquivos: 4 | Memória: 0.59MB
  └─ [SHUTDOWN] Arquivos: 4 | Memória: 0.59MB
[2026-02-26 00:43:10] [::1] [ENV:unknown] [UID:guest] POST /SistemaWeb/gerador_upload_docx.php (Root: gerador_upload_docx.php)
  └─ [SHUTDOWN] Arquivos: 4 | Memória: 0.8MB
[2026-02-26 00:44:17] [::1] [ENV:unknown] [UID:guest] POST /SistemaWeb/gerador_upload_docx.php (Root: gerador_upload_docx.php)
  └─ [SHUTDOWN] Arquivos: 4 | Memória: 0.87MB
[2026-02-26 00:44:43] [::1] [ENV:unknown] [UID:guest] GET /SistemaWeb/gerador_upload_docx.php (Root: gerador_upload_docx.php)
  └─ [SHUTDOWN] Arquivos: 4 | Memória: 0.59MB
[2026-02-26 00:44:51] [::1] [ENV:unknown] [UID:guest] POST /SistemaWeb/gerador_upload_docx.php (Root: gerador_upload_docx.php)
  └─ [SHUTDOWN] Arquivos: 4 | Memória: 0.83MB
[2026-02-26 00:45:26] [::1] [ENV:unknown] [UID:guest] POST /SistemaWeb/gerador_upload_docx.php (Root: gerador_upload_docx.php)
  └─ [SHUTDOWN] Arquivos: 4 | Memória: 0.9MB
[2026-02-26 00:45:31] [::1] [ENV:unknown] [UID:guest] GET /SistemaWeb/gerador_upload_docx.php (Root: gerador_upload_docx.php)
  └─ [SHUTDOWN] Arquivos: 4 | Memória: 0.59MB
[2026-02-26 00:45:49] [::1] [ENV:unknown] [UID:guest] POST /SistemaWeb/gerador_upload_docx.php (Root: gerador_upload_docx.php)
  └─ [SHUTDOWN] Arquivos: 4 | Memória: 0.83MB
[2026-02-26 00:46:21] [::1] [ENV:unknown] [UID:guest] POST /SistemaWeb/gerador_upload_docx.php (Root: gerador_upload_docx.php)
  └─ [SHUTDOWN] Arquivos: 4 | Memória: 0.9MB
[2026-02-26 00:46:25] [::1] [ENV:unknown] [UID:guest] GET /SistemaWeb/gerador_upload_docx.php (Root: gerador_upload_docx.php)
  └─ [SHUTDOWN] Arquivos: 4 | Memória: 0.59MB
[2026-02-27 09:14:36] [::1] [ENV:unknown] [UID:guest] GET /SistemaWeb/gerador_upload_docx.php (Root: gerador_upload_docx.php)
[2026-02-27 09:14:38] [::1] [ENV:unknown] [UID:guest] GET /SistemaWeb/gerador_upload_docx.php (Root: gerador_upload_docx.php)
  └─ [SHUTDOWN] Arquivos: 4 | Memória: 0.58MB
  └─ [SHUTDOWN] Arquivos: 4 | Memória: 0.58MB
[2026-02-27 09:14:48] [::1] [ENV:unknown] [UID:guest] GET /SistemaWeb/gerador_upload_docx.php (Root: gerador_upload_docx.php)
  └─ [SHUTDOWN] Arquivos: 4 | Memória: 0.58MB
[2026-02-27 09:16:25] [::1] [ENV:unknown] [UID:guest] POST /SistemaWeb/gerador_upload_docx.php (Root: gerador_upload_docx.php)
  └─ [SHUTDOWN] Arquivos: 4 | Memória: 0.72MB
[2026-02-27 09:33:29] [::1] [ENV:unknown] [UID:guest] POST /SistemaWeb/gerador_upload_docx.php (Root: gerador_upload_docx.php)
  └─ [SHUTDOWN] Arquivos: 4 | Memória: 0.73MB
[2026-02-27 09:33:39] [::1] [ENV:unknown] [UID:guest] POST /SistemaWeb/gerador_upload_docx.php (Root: gerador_upload_docx.php)
  └─ [SHUTDOWN] Arquivos: 4 | Memória: 0.73MB
[2026-02-27 09:34:35] [::1] [ENV:unknown] [UID:guest] POST /SistemaWeb/gerador_upload_docx.php (Root: gerador_upload_docx.php)
  └─ [SHUTDOWN] Arquivos: 4 | Memória: 0.73MB
[2026-02-27 09:38:45] [::1] [ENV:unknown] [UID:guest] GET /SistemaWeb/gerador_upload_docx.php (Root: gerador_upload_docx.php)
  └─ [SHUTDOWN] Arquivos: 4 | Memória: 0.58MB
[2026-02-27 09:38:58] [::1] [ENV:unknown] [UID:guest] POST /SistemaWeb/gerador_upload_docx.php (Root: gerador_upload_docx.php)
  └─ [SHUTDOWN] Arquivos: 4 | Memória: 0.74MB
[2026-02-27 09:40:48] [::1] [ENV:unknown] [UID:guest] POST /SistemaWeb/gerador_upload_docx.php (Root: gerador_upload_docx.php)
  └─ [SHUTDOWN] Arquivos: 4 | Memória: 0.8MB
[2026-02-28 14:32:12] [::1] [ENV:unknown] [UID:guest] GET /SistemaWeb/gerador_upload_docx.php (Root: gerador_upload_docx.php)
[2026-02-28 14:32:14] [::1] [ENV:unknown] [UID:guest] GET /SistemaWeb/gerador_upload_docx.php (Root: gerador_upload_docx.php)
  └─ [SHUTDOWN] Arquivos: 4 | Memória: 0.58MB
  └─ [SHUTDOWN] Arquivos: 4 | Memória: 0.58MB
[2026-02-28 14:32:46] [::1] [ENV:unknown] [UID:guest] GET /SistemaWeb/ (Root: index.php)
  └─ [SHUTDOWN] Arquivos: 5 | Memória: 0.61MB
[2026-02-28 14:33:10] [::1] [ENV:unknown] [UID:guest] POST /SistemaWeb/index.php (Root: index.php)
  └─ [SHUTDOWN] Arquivos: 4 | Memória: 0.62MB
[2026-02-28 14:33:32] [::1] [ENV:unknown] [UID:guest] POST /SistemaWeb/index.php (Root: index.php)
  └─ [SHUTDOWN] Arquivos: 4 | Memória: 0.62MB
[2026-02-28 14:33:53] [::1] [ENV:unknown] [UID:guest] POST /SistemaWeb/index.php (Root: index.php)
  └─ [SHUTDOWN] Arquivos: 4 | Memória: 0.62MB
[2026-03-02 21:23:30] [N/A] [ENV:unknown] [UID:guest] N/A unknown (Root: testar_fluxo.php)
  └─ [SHUTDOWN] Arquivos: 7 | Memória: 1.06MB
[2026-03-02 21:38:04] [N/A] [ENV:unknown] [UID:guest] N/A unknown (Root: testar_fluxo.php)
  └─ [SHUTDOWN] Arquivos: 7 | Memória: 1.06MB
[2026-03-02 21:39:55] [N/A] [ENV:unknown] [UID:guest] N/A unknown (Root: testar_fluxo.php)
  └─ [SHUTDOWN] Arquivos: 7 | Memória: 1.06MB
[2026-03-02 21:46:51] [::1] [ENV:unknown] [UID:guest] GET /SistemaWeb/testar_fluxo.php (Root: testar_fluxo.php)
  └─ [SHUTDOWN] Arquivos: 7 | Memória: 1.06MB
[2026-03-02 21:47:23] [::1] [ENV:unknown] [UID:guest] GET /SistemaWeb/painel.php (Root: painel.php)
  └─ [SHUTDOWN] Arquivos: 8 | Memória: 1.18MB
[2026-03-02 21:47:25] [::1] [ENV:unknown] [UID:guest] GET /SistemaWeb/index.php?redirect=%2FSistemaWeb%2Fpainel.php (Root: index.php)
  └─ [SHUTDOWN] Arquivos: 5 | Memória: 0.61MB
[2026-03-02 21:47:32] [::1] [ENV:unknown] [UID:guest] POST /SistemaWeb/index.php (Root: index.php)
  └─ [SHUTDOWN] Arquivos: 5 | Memória: 0.62MB
[2026-03-02 21:48:01] [::1] [ENV:unknown] [UID:guest] POST /SistemaWeb/index.php (Root: index.php)
  └─ [SHUTDOWN] Arquivos: 4 | Memória: 0.62MB
[2026-03-02 21:48:03] [::1] [ENV:unknown] [UID:guest] GET /SistemaWeb/painel.php (Root: painel.php)
  └─ [SHUTDOWN] Arquivos: 10 | Memória: 1.78MB
[2026-03-02 21:48:07] [::1] [ENV:producao] [UID:5] POST /SistemaWeb/index.php (Root: index.php)
  └─ [SHUTDOWN] Arquivos: 4 | Memória: 0.62MB
[2026-03-02 21:48:08] [::1] [ENV:unknown] [UID:guest] GET /SistemaWeb/painel.php (Root: painel.php)
  └─ [SHUTDOWN] Arquivos: 11 | Memória: 1.78MB
[2026-03-02 21:48:24] [::1] [ENV:producao] [UID:5] GET /SistemaWeb/admin_parametros.php (Root: admin_parametros.php)
  └─ [SHUTDOWN] Arquivos: 4 | Memória: 0.63MB
[2026-03-02 21:49:05] [::1] [ENV:producao] [UID:5] GET /SistemaWeb/index.php?redirect=%2FSistemaWeb%2Fpainel.php (Root: index.php)
  └─ [SHUTDOWN] Arquivos: 4 | Memória: 0.61MB
[2026-03-02 21:49:05] [::1] [ENV:unknown] [UID:guest] GET /SistemaWeb/painel.php (Root: painel.php)
  └─ [SHUTDOWN] Arquivos: 11 | Memória: 1.78MB
[2026-03-02 22:04:01] [N/A] [ENV:unknown] [UID:guest] N/A unknown (Root: validar_fluxo.php)
  └─ [SHUTDOWN] Arquivos: 7 | Memória: 1.06MB
[2026-03-02 22:04:35] [N/A] [ENV:unknown] [UID:guest] N/A unknown (Root: validar_fluxo.php)
  └─ [SHUTDOWN] Arquivos: 7 | Memória: 1.06MB
[2026-03-04 06:58:36] [::1] [ENV:unknown] [UID:guest] GET /SistemaWeb/gerador_upload_docx.php (Root: gerador_upload_docx.php)
  └─ [SHUTDOWN] Arquivos: 4 | Memória: 0.58MB
[2026-03-04 07:00:41] [::1] [ENV:unknown] [UID:guest] POST /SistemaWeb/gerador_upload_docx.php (Root: gerador_upload_docx.php)
  └─ [SHUTDOWN] Arquivos: 4 | Memória: 0.79MB
[2026-03-04 08:51:10] [N/A] [ENV:unknown] [UID:guest] N/A unknown (Root: diagnostico_tabelas.php)
  └─ [SHUTDOWN] Arquivos: 8 | Memória: 1.27MB
[2026-03-04 08:51:53] [N/A] [ENV:unknown] [UID:guest] N/A unknown (Root: salvar_rascunho.php)
  └─ [SHUTDOWN] Arquivos: 6 | Memória: 0.55MB
[2026-03-04 08:59:42] [N/A] [ENV:unknown] [UID:guest] N/A unknown (Root: diagnostico_tabelas.php)
  └─ [SHUTDOWN] Arquivos: 8 | Memória: 1.27MB
[2026-03-04 09:01:31] [N/A] [ENV:unknown] [UID:guest] N/A unknown (Root: diagnostico_tabelas.php)
  └─ [SHUTDOWN] Arquivos: 8 | Memória: 1.27MB
[2026-03-04 09:01:50] [N/A] [ENV:unknown] [UID:guest] N/A unknown (Root: check_servicos.php)
  └─ [SHUTDOWN] Arquivos: 5 | Memória: 0.5MB
[2026-03-04 09:02:14] [N/A] [ENV:unknown] [UID:guest] N/A unknown (Root: check_tipos_servico.php)
  └─ [SHUTDOWN] Arquivos: 5 | Memória: 0.5MB
[2026-03-04 09:52:21] [::1] [ENV:unknown] [UID:guest] GET /SistemaWeb/gerador_upload_docx.php (Root: gerador_upload_docx.php)
  └─ [SHUTDOWN] Arquivos: 4 | Memória: 0.58MB
[2026-03-04 09:52:48] [::1] [ENV:unknown] [UID:guest] POST /SistemaWeb/gerador_upload_docx.php (Root: gerador_upload_docx.php)
  └─ [SHUTDOWN] Arquivos: 4 | Memória: 0.68MB
[2026-03-04 09:54:12] [::1] [ENV:unknown] [UID:guest] GET /SistemaWeb/gerador_upload_docx.php (Root: gerador_upload_docx.php)
  └─ [SHUTDOWN] Arquivos: 4 | Memória: 0.58MB
[2026-03-04 09:57:33] [::1] [ENV:unknown] [UID:guest] POST /SistemaWeb/gerador_upload_docx.php (Root: gerador_upload_docx.php)
  └─ [SHUTDOWN] Arquivos: 4 | Memória: 0.68MB
[2026-03-04 10:00:44] [::1] [ENV:unknown] [UID:guest] GET /SistemaWeb/gerador_upload_docx.php (Root: gerador_upload_docx.php)
  └─ [SHUTDOWN] Arquivos: 4 | Memória: 0.58MB
[2026-03-04 10:00:58] [::1] [ENV:unknown] [UID:guest] POST /SistemaWeb/gerador_upload_docx.php (Root: gerador_upload_docx.php)
  └─ [SHUTDOWN] Arquivos: 4 | Memória: 0.68MB
[2026-03-04 10:15:33] [::1] [ENV:unknown] [UID:guest] POST /SistemaWeb/gerador_upload_docx.php (Root: gerador_upload_docx.php)
  └─ [SHUTDOWN] Arquivos: 4 | Memória: 0.73MB
[2026-03-04 10:15:43] [::1] [ENV:unknown] [UID:guest] GET /SistemaWeb/gerador_upload_docx.php (Root: gerador_upload_docx.php)
  └─ [SHUTDOWN] Arquivos: 4 | Memória: 0.58MB
[2026-03-04 10:15:57] [::1] [ENV:unknown] [UID:guest] POST /SistemaWeb/gerador_upload_docx.php (Root: gerador_upload_docx.php)
  └─ [SHUTDOWN] Arquivos: 4 | Memória: 0.68MB
[2026-03-04 10:38:50] [::1] [ENV:unknown] [UID:guest] GET /SistemaWeb/gerador_upload_docx.php (Root: gerador_upload_docx.php)
  └─ [SHUTDOWN] Arquivos: 4 | Memória: 0.58MB
[2026-03-04 10:39:00] [::1] [ENV:unknown] [UID:guest] POST /SistemaWeb/gerador_upload_docx.php (Root: gerador_upload_docx.php)
  └─ [SHUTDOWN] Arquivos: 4 | Memória: 0.7MB
[2026-03-04 11:06:45] [::1] [ENV:unknown] [UID:guest] GET /SistemaWeb/gerador_upload_docx.php (Root: gerador_upload_docx.php)
  └─ [SHUTDOWN] Arquivos: 4 | Memória: 0.59MB
[2026-03-04 11:06:56] [::1] [ENV:unknown] [UID:guest] POST /SistemaWeb/gerador_upload_docx.php (Root: gerador_upload_docx.php)
  └─ [SHUTDOWN] Arquivos: 4 | Memória: 0.7MB
[2026-03-04 11:17:42] [::1] [ENV:unknown] [UID:guest] GET /SistemaWeb/gerador_upload_docx.php (Root: gerador_upload_docx.php)
  └─ [SHUTDOWN] Arquivos: 4 | Memória: 0.59MB
[2026-03-04 11:17:50] [::1] [ENV:unknown] [UID:guest] POST /SistemaWeb/gerador_upload_docx.php (Root: gerador_upload_docx.php)
  └─ [SHUTDOWN] Arquivos: 4 | Memória: 0.7MB
[2026-03-04 11:24:49] [::1] [ENV:unknown] [UID:guest] GET /SistemaWeb/gerador_upload_docx.php (Root: gerador_upload_docx.php)
  └─ [SHUTDOWN] Arquivos: 4 | Memória: 0.58MB
[2026-03-04 11:25:04] [::1] [ENV:unknown] [UID:guest] POST /SistemaWeb/gerador_upload_docx.php (Root: gerador_upload_docx.php)
  └─ [SHUTDOWN] Arquivos: 4 | Memória: 0.7MB
[2026-03-04 11:28:14] [::1] [ENV:unknown] [UID:guest] GET /SistemaWeb/gerador_upload_docx.php (Root: gerador_upload_docx.php)
  └─ [SHUTDOWN] Arquivos: 4 | Memória: 0.58MB
[2026-03-04 11:28:29] [::1] [ENV:unknown] [UID:guest] POST /SistemaWeb/gerador_upload_docx.php (Root: gerador_upload_docx.php)
  └─ [SHUTDOWN] Arquivos: 4 | Memória: 0.7MB
[2026-03-04 11:29:22] [::1] [ENV:unknown] [UID:guest] POST /SistemaWeb/gerador_upload_docx.php (Root: gerador_upload_docx.php)
  └─ [SHUTDOWN] Arquivos: 4 | Memória: 0.79MB
[2026-03-04 11:57:18] [::1] [ENV:unknown] [UID:guest] GET /SistemaWeb/gerador_upload_docx.php (Root: gerador_upload_docx.php)
  └─ [SHUTDOWN] Arquivos: 4 | Memória: 0.58MB
[2026-03-04 11:57:30] [::1] [ENV:unknown] [UID:guest] POST /SistemaWeb/gerador_upload_docx.php (Root: gerador_upload_docx.php)
  └─ [SHUTDOWN] Arquivos: 4 | Memória: 0.7MB
[2026-03-04 12:09:31] [::1] [ENV:unknown] [UID:guest] GET /SistemaWeb/gerador_upload_docx.php (Root: gerador_upload_docx.php)
  └─ [SHUTDOWN] Arquivos: 4 | Memória: 0.58MB
[2026-03-04 12:09:40] [::1] [ENV:unknown] [UID:guest] POST /SistemaWeb/gerador_upload_docx.php (Root: gerador_upload_docx.php)
  └─ [SHUTDOWN] Arquivos: 4 | Memória: 0.69MB
[2026-03-04 12:19:44] [::1] [ENV:unknown] [UID:guest] GET /SistemaWeb/gerador_upload_docx.php (Root: gerador_upload_docx.php)
  └─ [SHUTDOWN] Arquivos: 4 | Memória: 0.58MB
[2026-03-04 12:20:06] [::1] [ENV:unknown] [UID:guest] POST /SistemaWeb/gerador_upload_docx.php (Root: gerador_upload_docx.php)
  └─ [SHUTDOWN] Arquivos: 4 | Memória: 0.69MB
[2026-03-04 14:24:49] [::1] [ENV:unknown] [UID:guest] GET /SistemaWeb/gerador_upload_docx.php (Root: gerador_upload_docx.php)
  └─ [SHUTDOWN] Arquivos: 4 | Memória: 0.58MB
[2026-03-04 14:25:14] [::1] [ENV:unknown] [UID:guest] POST /SistemaWeb/gerador_upload_docx.php (Root: gerador_upload_docx.php)
  └─ [SHUTDOWN] Arquivos: 4 | Memória: 0.72MB
[2026-03-04 14:35:26] [::1] [ENV:unknown] [UID:guest] GET /SistemaWeb/gerador_upload_docx.php (Root: gerador_upload_docx.php)
  └─ [SHUTDOWN] Arquivos: 4 | Memória: 0.58MB
[2026-03-04 14:36:51] [::1] [ENV:unknown] [UID:guest] POST /SistemaWeb/gerador_upload_docx.php (Root: gerador_upload_docx.php)
  └─ [SHUTDOWN] Arquivos: 4 | Memória: 0.59MB
[2026-03-04 14:38:10] [::1] [ENV:unknown] [UID:guest] GET /SistemaWeb/gerador_upload_docx.php (Root: gerador_upload_docx.php)
  └─ [SHUTDOWN] Arquivos: 4 | Memória: 0.58MB
[2026-03-04 14:38:17] [::1] [ENV:unknown] [UID:guest] GET /SistemaWeb/gerador_upload_docx.php (Root: gerador_upload_docx.php)
  └─ [SHUTDOWN] Arquivos: 4 | Memória: 0.58MB
[2026-03-04 14:38:20] [::1] [ENV:unknown] [UID:guest] GET /SistemaWeb/gerador_upload_docx.php (Root: gerador_upload_docx.php)
  └─ [SHUTDOWN] Arquivos: 4 | Memória: 0.58MB
[2026-03-04 14:38:28] [::1] [ENV:unknown] [UID:guest] POST /SistemaWeb/gerador_upload_docx.php (Root: gerador_upload_docx.php)
  └─ [SHUTDOWN] Arquivos: 4 | Memória: 0.72MB
[2026-03-04 14:49:54] [::1] [ENV:unknown] [UID:guest] POST /SistemaWeb/gerador_upload_docx.php (Root: gerador_upload_docx.php)
  └─ [SHUTDOWN] Arquivos: 4 | Memória: 0.74MB
[2026-03-04 14:50:00] [::1] [ENV:unknown] [UID:guest] GET /SistemaWeb/gerador_upload_docx.php (Root: gerador_upload_docx.php)
  └─ [SHUTDOWN] Arquivos: 4 | Memória: 0.59MB
[2026-03-04 14:50:10] [::1] [ENV:unknown] [UID:guest] POST /SistemaWeb/gerador_upload_docx.php (Root: gerador_upload_docx.php)
  └─ [SHUTDOWN] Arquivos: 4 | Memória: 0.72MB
[2026-03-04 14:52:02] [::1] [ENV:unknown] [UID:guest] POST /SistemaWeb/gerador_upload_docx.php (Root: gerador_upload_docx.php)
  └─ [SHUTDOWN] Arquivos: 4 | Memória: 0.75MB
[2026-03-04 14:52:09] [::1] [ENV:unknown] [UID:guest] GET /SistemaWeb/gerador_upload_docx.php (Root: gerador_upload_docx.php)
  └─ [SHUTDOWN] Arquivos: 4 | Memória: 0.59MB
[2026-03-04 14:52:19] [::1] [ENV:unknown] [UID:guest] POST /SistemaWeb/gerador_upload_docx.php (Root: gerador_upload_docx.php)
  └─ [SHUTDOWN] Arquivos: 4 | Memória: 0.72MB
[2026-03-04 14:53:15] [::1] [ENV:unknown] [UID:guest] POST /SistemaWeb/gerador_upload_docx.php (Root: gerador_upload_docx.php)
  └─ [SHUTDOWN] Arquivos: 4 | Memória: 0.75MB
[2026-03-04 14:53:22] [::1] [ENV:unknown] [UID:guest] GET /SistemaWeb/gerador_upload_docx.php (Root: gerador_upload_docx.php)
  └─ [SHUTDOWN] Arquivos: 4 | Memória: 0.59MB
[2026-03-04 14:53:31] [::1] [ENV:unknown] [UID:guest] POST /SistemaWeb/gerador_upload_docx.php (Root: gerador_upload_docx.php)
  └─ [SHUTDOWN] Arquivos: 4 | Memória: 0.83MB
[2026-03-04 15:55:10] [::1] [ENV:unknown] [UID:guest] GET /SistemaWeb/gerador_upload_docx.php (Root: gerador_upload_docx.php)
  └─ [SHUTDOWN] Arquivos: 4 | Memória: 0.59MB
[2026-03-04 15:55:24] [::1] [ENV:unknown] [UID:guest] POST /SistemaWeb/gerador_upload_docx.php (Root: gerador_upload_docx.php)
  └─ [SHUTDOWN] Arquivos: 4 | Memória: 0.86MB
[2026-03-04 20:15:13] [::1] [ENV:unknown] [UID:guest] GET /SistemaWeb/gerador_upload_docx.php (Root: gerador_upload_docx.php)
  └─ [SHUTDOWN] Arquivos: 4 | Memória: 0.58MB
[2026-03-04 20:15:24] [::1] [ENV:unknown] [UID:guest] POST /SistemaWeb/gerador_upload_docx.php (Root: gerador_upload_docx.php)
  └─ [SHUTDOWN] Arquivos: 4 | Memória: 0.87MB
[2026-03-05 07:17:17] [::1] [ENV:unknown] [UID:guest] GET /SistemaWeb/gerador_upload_docx.php (Root: gerador_upload_docx.php)
  └─ [SHUTDOWN] Arquivos: 4 | Memória: 0.58MB
[2026-03-05 07:17:26] [::1] [ENV:unknown] [UID:guest] POST /SistemaWeb/gerador_upload_docx.php (Root: gerador_upload_docx.php)
  └─ [SHUTDOWN] Arquivos: 4 | Memória: 0.72MB
[2026-03-05 07:20:12] [::1] [ENV:unknown] [UID:guest] POST /SistemaWeb/gerador_upload_docx.php (Root: gerador_upload_docx.php)
  └─ [SHUTDOWN] Arquivos: 4 | Memória: 0.85MB
[2026-03-05 07:45:15] [::1] [ENV:unknown] [UID:guest] GET /SistemaWeb/gerador_upload_docx.php (Root: gerador_upload_docx.php)
  └─ [SHUTDOWN] Arquivos: 4 | Memória: 0.58MB
[2026-03-05 07:46:17] [::1] [ENV:unknown] [UID:guest] POST /SistemaWeb/gerador_upload_docx.php (Root: gerador_upload_docx.php)
  └─ [SHUTDOWN] Arquivos: 4 | Memória: 0.92MB
[2026-03-05 10:27:55] [::1] [ENV:unknown] [UID:guest] GET /SistemaWeb/gerador_upload_docx.php (Root: gerador_upload_docx.php)
  └─ [SHUTDOWN] Arquivos: 4 | Memória: 0.58MB
[2026-03-05 10:28:43] [::1] [ENV:unknown] [UID:guest] POST /SistemaWeb/gerador_upload_docx.php (Root: gerador_upload_docx.php)
  └─ [SHUTDOWN] Arquivos: 4 | Memória: 0.85MB
[2026-03-05 12:19:34] [::1] [ENV:unknown] [UID:guest] GET /SistemaWeb/gerador_upload_docx.php (Root: gerador_upload_docx.php)
  └─ [SHUTDOWN] Arquivos: 4 | Memória: 0.58MB
[2026-03-05 12:20:54] [::1] [ENV:unknown] [UID:guest] POST /SistemaWeb/gerador_upload_docx.php (Root: gerador_upload_docx.php)
  └─ [SHUTDOWN] Arquivos: 4 | Memória: 0.93MB
[2026-03-05 14:15:16] [::1] [ENV:unknown] [UID:guest] GET /SistemaWeb/gerador_upload_docx.php (Root: gerador_upload_docx.php)
  └─ [SHUTDOWN] Arquivos: 4 | Memória: 0.58MB
[2026-03-05 14:15:31] [::1] [ENV:unknown] [UID:guest] POST /SistemaWeb/gerador_upload_docx.php (Root: gerador_upload_docx.php)
  └─ [SHUTDOWN] Arquivos: 4 | Memória: 0.94MB
[2026-03-05 14:23:48] [::1] [ENV:unknown] [UID:guest] GET /SistemaWeb/gerador_upload_docx.php (Root: gerador_upload_docx.php)
  └─ [SHUTDOWN] Arquivos: 4 | Memória: 0.58MB
[2026-03-05 14:23:54] [::1] [ENV:unknown] [UID:guest] POST /SistemaWeb/gerador_upload_docx.php (Root: gerador_upload_docx.php)
  └─ [SHUTDOWN] Arquivos: 4 | Memória: 0.93MB
[2026-03-05 14:36:01] [::1] [ENV:unknown] [UID:guest] GET /SistemaWeb/gerador_upload_docx.php (Root: gerador_upload_docx.php)
  └─ [SHUTDOWN] Arquivos: 4 | Memória: 0.58MB
[2026-03-05 14:36:09] [::1] [ENV:unknown] [UID:guest] POST /SistemaWeb/gerador_upload_docx.php (Root: gerador_upload_docx.php)
  └─ [SHUTDOWN] Arquivos: 4 | Memória: 0.99MB
[2026-03-05 14:40:03] [::1] [ENV:unknown] [UID:guest] GET /SistemaWeb/gerador_upload_docx.php (Root: gerador_upload_docx.php)
  └─ [SHUTDOWN] Arquivos: 4 | Memória: 0.6MB
[2026-03-05 14:40:09] [::1] [ENV:unknown] [UID:guest] POST /SistemaWeb/gerador_upload_docx.php (Root: gerador_upload_docx.php)
  └─ [SHUTDOWN] Arquivos: 4 | Memória: 1MB
[2026-03-05 14:45:09] [::1] [ENV:unknown] [UID:guest] GET /SistemaWeb/gerador_upload_docx.php (Root: gerador_upload_docx.php)
  └─ [SHUTDOWN] Arquivos: 4 | Memória: 0.6MB
[2026-03-05 14:48:40] [::1] [ENV:unknown] [UID:guest] GET /SistemaWeb/gerador_upload_docx.php (Root: gerador_upload_docx.php)
  └─ [SHUTDOWN] Arquivos: 4 | Memória: 0.6MB
[2026-03-05 14:48:55] [::1] [ENV:unknown] [UID:guest] POST /SistemaWeb/gerador_upload_docx.php (Root: gerador_upload_docx.php)
  └─ [SHUTDOWN] Arquivos: 4 | Memória: 1MB
[2026-03-05 14:49:15] [::1] [ENV:unknown] [UID:guest] GET /SistemaWeb/gerador_upload_docx.php (Root: gerador_upload_docx.php)
  └─ [SHUTDOWN] Arquivos: 4 | Memória: 0.6MB
[2026-03-05 14:49:24] [::1] [ENV:unknown] [UID:guest] POST /SistemaWeb/gerador_upload_docx.php (Root: gerador_upload_docx.php)
  └─ [SHUTDOWN] Arquivos: 4 | Memória: 1MB
[2026-03-05 14:53:15] [::1] [ENV:unknown] [UID:guest] GET /SistemaWeb/gerador_upload_docx.php (Root: gerador_upload_docx.php)
  └─ [SHUTDOWN] Arquivos: 4 | Memória: 0.6MB
[2026-03-05 14:53:21] [::1] [ENV:unknown] [UID:guest] POST /SistemaWeb/gerador_upload_docx.php (Root: gerador_upload_docx.php)
  └─ [SHUTDOWN] Arquivos: 4 | Memória: 1MB
[2026-03-05 14:59:58] [::1] [ENV:unknown] [UID:guest] GET /SistemaWeb/gerador_upload_docx.php (Root: gerador_upload_docx.php)
  └─ [SHUTDOWN] Arquivos: 4 | Memória: 0.6MB
[2026-03-05 15:00:05] [::1] [ENV:unknown] [UID:guest] POST /SistemaWeb/gerador_upload_docx.php (Root: gerador_upload_docx.php)
  └─ [SHUTDOWN] Arquivos: 4 | Memória: 1MB
[2026-03-05 16:00:38] [::1] [ENV:unknown] [UID:guest] GET /SistemaWeb/gerador_upload_docx.php (Root: gerador_upload_docx.php)
  └─ [SHUTDOWN] Arquivos: 4 | Memória: 0.6MB
[2026-03-05 16:00:52] [::1] [ENV:unknown] [UID:guest] POST /SistemaWeb/gerador_upload_docx.php (Root: gerador_upload_docx.php)
  └─ [SHUTDOWN] Arquivos: 4 | Memória: 1MB
[2026-03-05 16:01:10] [::1] [ENV:unknown] [UID:guest] POST /SistemaWeb/gerador_upload_docx.php (Root: gerador_upload_docx.php)
  └─ [SHUTDOWN] Arquivos: 4 | Memória: 1.01MB
[2026-03-05 16:27:27] [::1] [ENV:unknown] [UID:guest] GET /SistemaWeb/gerador_upload_docx.php (Root: gerador_upload_docx.php)
  └─ [SHUTDOWN] Arquivos: 4 | Memória: 0.6MB
[2026-03-05 16:27:37] [::1] [ENV:unknown] [UID:guest] POST /SistemaWeb/gerador_upload_docx.php (Root: gerador_upload_docx.php)
  └─ [SHUTDOWN] Arquivos: 4 | Memória: 1MB
[2026-03-05 16:27:51] [::1] [ENV:unknown] [UID:guest] POST /SistemaWeb/gerador_upload_docx.php (Root: gerador_upload_docx.php)
  └─ [SHUTDOWN] Arquivos: 4 | Memória: 1.01MB
[2026-03-05 16:35:51] [::1] [ENV:unknown] [UID:guest] GET /SistemaWeb/gerador_upload_docx.php (Root: gerador_upload_docx.php)
  └─ [SHUTDOWN] Arquivos: 4 | Memória: 0.6MB
[2026-03-05 16:35:59] [::1] [ENV:unknown] [UID:guest] POST /SistemaWeb/gerador_upload_docx.php (Root: gerador_upload_docx.php)
  └─ [SHUTDOWN] Arquivos: 4 | Memória: 1MB
[2026-03-05 16:36:11] [::1] [ENV:unknown] [UID:guest] POST /SistemaWeb/gerador_upload_docx.php (Root: gerador_upload_docx.php)
  └─ [SHUTDOWN] Arquivos: 4 | Memória: 1.01MB
[2026-03-05 16:42:42] [::1] [ENV:unknown] [UID:guest] GET /SistemaWeb/gerador_upload_docx.php (Root: gerador_upload_docx.php)
  └─ [SHUTDOWN] Arquivos: 4 | Memória: 0.6MB
[2026-03-05 16:42:54] [::1] [ENV:unknown] [UID:guest] POST /SistemaWeb/gerador_upload_docx.php (Root: gerador_upload_docx.php)
  └─ [SHUTDOWN] Arquivos: 4 | Memória: 1MB
[2026-03-05 16:43:05] [::1] [ENV:unknown] [UID:guest] POST /SistemaWeb/gerador_upload_docx.php (Root: gerador_upload_docx.php)
  └─ [SHUTDOWN] Arquivos: 4 | Memória: 1.01MB
[2026-03-05 16:46:03] [::1] [ENV:unknown] [UID:guest] GET /SistemaWeb/gerador_upload_docx.php (Root: gerador_upload_docx.php)
  └─ [SHUTDOWN] Arquivos: 4 | Memória: 0.6MB
[2026-03-05 16:46:12] [::1] [ENV:unknown] [UID:guest] POST /SistemaWeb/gerador_upload_docx.php (Root: gerador_upload_docx.php)
  └─ [SHUTDOWN] Arquivos: 4 | Memória: 1MB
[2026-03-05 16:46:23] [::1] [ENV:unknown] [UID:guest] POST /SistemaWeb/gerador_upload_docx.php (Root: gerador_upload_docx.php)
  └─ [SHUTDOWN] Arquivos: 4 | Memória: 1.01MB
[2026-03-05 16:46:46] [::1] [ENV:unknown] [UID:guest] GET /SistemaWeb/gerador_upload_docx.php (Root: gerador_upload_docx.php)
  └─ [SHUTDOWN] Arquivos: 4 | Memória: 0.6MB
[2026-03-05 16:46:49] [::1] [ENV:unknown] [UID:guest] GET /SistemaWeb/gerador_upload_docx.php (Root: gerador_upload_docx.php)
  └─ [SHUTDOWN] Arquivos: 4 | Memória: 0.6MB
[2026-03-05 16:47:22] [::1] [ENV:unknown] [UID:guest] POST /SistemaWeb/gerador_upload_docx.php (Root: gerador_upload_docx.php)
  └─ [SHUTDOWN] Arquivos: 4 | Memória: 1MB
[2026-03-05 16:47:42] [::1] [ENV:unknown] [UID:guest] POST /SistemaWeb/gerador_upload_docx.php (Root: gerador_upload_docx.php)
  └─ [SHUTDOWN] Arquivos: 4 | Memória: 1.01MB
[2026-03-05 20:48:40] [::1] [ENV:unknown] [UID:guest] GET /SistemaWeb/gerador_upload_docx.php (Root: gerador_upload_docx.php)
  └─ [SHUTDOWN] Arquivos: 4 | Memória: 0.6MB
[2026-03-06 06:47:04] [::1] [ENV:unknown] [UID:guest] GET /SistemaWeb/gerador_upload_docx.php (Root: gerador_upload_docx.php)
  └─ [SHUTDOWN] Arquivos: 4 | Memória: 0.6MB
[2026-03-06 16:08:59] [::1] [ENV:unknown] [UID:guest] GET /SistemaWeb/gerador_upload_docx.php (Root: gerador_upload_docx.php)
  └─ [SHUTDOWN] Arquivos: 4 | Memória: 0.6MB
[2026-03-06 16:09:08] [::1] [ENV:unknown] [UID:guest] POST /SistemaWeb/gerador_upload_docx.php (Root: gerador_upload_docx.php)
  └─ [SHUTDOWN] Arquivos: 4 | Memória: 1MB
[2026-03-06 16:10:42] [::1] [ENV:unknown] [UID:guest] POST /SistemaWeb/gerador_upload_docx.php (Root: gerador_upload_docx.php)
  └─ [SHUTDOWN] Arquivos: 4 | Memória: 1.01MB
[2026-03-06 16:21:08] [::1] [ENV:unknown] [UID:guest] GET /SistemaWeb/gerador_upload_docx.php (Root: gerador_upload_docx.php)
  └─ [SHUTDOWN] Arquivos: 4 | Memória: 0.6MB
[2026-03-06 16:21:17] [::1] [ENV:unknown] [UID:guest] POST /SistemaWeb/gerador_upload_docx.php (Root: gerador_upload_docx.php)
  └─ [SHUTDOWN] Arquivos: 4 | Memória: 1MB
[2026-03-06 16:21:40] [::1] [ENV:unknown] [UID:guest] POST /SistemaWeb/gerador_upload_docx.php (Root: gerador_upload_docx.php)
  └─ [SHUTDOWN] Arquivos: 4 | Memória: 1.01MB
[2026-03-06 16:40:02] [::1] [ENV:unknown] [UID:guest] GET /SistemaWeb/gerador_upload_docx.php (Root: gerador_upload_docx.php)
  └─ [SHUTDOWN] Arquivos: 4 | Memória: 0.6MB
[2026-03-06 16:40:25] [::1] [ENV:unknown] [UID:guest] POST /SistemaWeb/gerador_upload_docx.php (Root: gerador_upload_docx.php)
  └─ [SHUTDOWN] Arquivos: 4 | Memória: 1MB
[2026-03-06 16:40:46] [::1] [ENV:unknown] [UID:guest] POST /SistemaWeb/gerador_upload_docx.php (Root: gerador_upload_docx.php)
  └─ [SHUTDOWN] Arquivos: 4 | Memória: 1.01MB
[2026-03-06 16:42:35] [::1] [ENV:unknown] [UID:guest] GET /SistemaWeb/gerador_upload_docx.php (Root: gerador_upload_docx.php)
  └─ [SHUTDOWN] Arquivos: 4 | Memória: 0.6MB
